0 0.310452
1 0.207488
2 0.127925
3 0.082683
4 0.068643
5 0.042122
6 0.024961
7 0.017161
8 0.015601
9 0.018721
10 0.012480
11 0.017161
12 0.004680
13 0.012480
14 0.009360
15 0.003120
16 0.006240
17 0.003120
18 0.003120
19 0.004680
20 0.000000
21 0.004680
22 0.003120
