Number of words analyzed: 641
Smallest word length considered: 5
Number of words within distance 2 from any word
	mean    : 2.936037
	std.dev.: 4.091080

