0 0.182979
1 0.134043
2 0.123404
3 0.091489
4 0.070213
5 0.036170
6 0.044681
7 0.031915
8 0.023404
9 0.027660
10 0.017021
11 0.021277
12 0.014894
13 0.008511
14 0.006383
15 0.008511
16 0.008511
17 0.012766
18 0.010638
19 0.006383
20 0.002128
21 0.002128
22 0.004255
23 0.004255
24 0.004255
25 0.006383
26 0.008511
27 0.008511
28 0.008511
29 0.000000
30 0.004255
31 0.006383
32 0.004255
33 0.002128
34 0.006383
35 0.010638
36 0.004255
37 0.006383
38 0.008511
39 0.004255
40 0.002128
41 0.002128
42 0.004255
43 0.000000
44 0.000000
45 0.000000
46 0.000000
47 0.004255
