Number of words analyzed: 470
Smallest word length considered: 6
Number of words within distance 3 from any word
	mean    : 7.404255
	std.dev.: 10.175188

