0 0.246606
1 0.187783
2 0.128959
3 0.126697
4 0.092760
5 0.083710
6 0.054299
7 0.020362
8 0.015837
9 0.015837
10 0.011312
11 0.004525
12 0.006787
13 0.002262
14 0.002262
