Number of words analyzed: 442
Smallest word length considered: 6
Number of words within distance 3 from any word
	mean    : 2.660633
	std.dev.: 2.671746

