0 0.327354
1 0.179372
2 0.100149
3 0.062780
4 0.052317
5 0.064275
6 0.047833
7 0.032885
8 0.019432
9 0.019432
10 0.013453
11 0.008969
12 0.007474
13 0.008969
14 0.008969
15 0.007474
16 0.002990
17 0.008969
18 0.002990
19 0.004484
20 0.002990
21 0.005979
22 0.004484
23 0.002990
24 0.000000
25 0.001495
26 0.000000
27 0.000000
28 0.001495
