Number of words analyzed: 669
Smallest word length considered: 5
Number of words within distance 2 from any word
	mean    : 3.396114
	std.dev.: 4.731668

