0 0.337159
1 0.265423
2 0.111908
3 0.078910
4 0.058824
5 0.044476
6 0.024390
7 0.012912
8 0.015782
9 0.017217
10 0.010043
11 0.002869
12 0.005739
13 0.008608
14 0.001435
15 0.002869
16 0.000000
17 0.000000
18 0.000000
19 0.001435
