Number of words analyzed: 697
Smallest word length considered: 5
Number of words within distance 2 from any word
	mean    : 2.106169
	std.dev.: 2.844145

