0 0.178967
1 0.199262
2 0.121771
3 0.129151
4 0.079336
5 0.066421
6 0.042435
7 0.036900
8 0.036900
9 0.027675
10 0.025830
11 0.014760
12 0.012915
13 0.007380
14 0.005535
15 0.003690
16 0.007380
17 0.000000
18 0.000000
19 0.003690
