Number of words analyzed: 542
Smallest word length considered: 6
Number of words within distance 3 from any word
	mean    : 3.531365
	std.dev.: 3.596064

