0 0.359606
1 0.252874
2 0.155993
3 0.096880
4 0.057471
5 0.031199
6 0.016420
7 0.011494
8 0.006568
9 0.006568
10 0.001642
11 0.003284
