Number of words analyzed: 609
Smallest word length considered: 5
Number of words within distance 2 from any word
	mean    : 1.586207
	std.dev.: 1.907433

