0 0.209163
1 0.145418
2 0.059761
3 0.075697
4 0.053785
5 0.027888
6 0.023904
7 0.033865
8 0.031873
9 0.027888
10 0.025896
11 0.021912
12 0.021912
13 0.017928
14 0.009960
15 0.015936
16 0.025896
17 0.013944
18 0.011952
19 0.013944
20 0.015936
21 0.005976
22 0.001992
23 0.009960
24 0.009960
25 0.007968
26 0.013944
27 0.005976
28 0.001992
29 0.005976
30 0.005976
31 0.005976
32 0.001992
33 0.005976
34 0.001992
35 0.001992
36 0.001992
37 0.003984
38 0.000000
39 0.000000
40 0.000000
41 0.000000
42 0.005976
43 0.001992
44 0.000000
45 0.000000
46 0.001992
47 0.007968
48 0.000000
49 0.000000
50 0.000000
51 0.001992
52 0.000000
53 0.000000
54 0.000000
55 0.000000
56 0.001992
