Number of words analyzed: 502
Smallest word length considered: 6
Number of words within distance 3 from any word
	mean    : 8.147410
	std.dev.: 10.298831

